// Jest Snapshot v1, https://goo.gl/fbAQLP

exports[`renders Dashboard 1`] = `
<Admin
  authProvider={
    Object {
      "checkAuth": [Function],
      "checkError": [Function],
      "getPermissions": [Function],
      "login": [Function],
      "logout": [Function],
    }
  }
  dashboard={[Function]}
  dataProvider={
    Object {
      "create": [Function],
      "delete": [Function],
      "deleteMany": [Function],
      "getList": [Function],
      "getMany": [Function],
      "getManyReference": [Function],
      "getOne": [Function],
      "update": [Function],
      "updateMany": [Function],
    }
  }
>
  <Resource
    create={[Function]}
    edit={[Function]}
    icon={
      Object {
        "$$typeof": Symbol(react.memo),
        "compare": null,
        "displayName": "GroupIcon",
        "muiName": "SvgIcon",
        "type": Object {
          "$$typeof": Symbol(react.forward_ref),
          "render": [Function],
        },
      }
    }
    list={[Function]}
    name="Admins"
    show={[Function]}
  />
  <Resource
    icon={
      Object {
        "$$typeof": Symbol(react.memo),
        "compare": null,
        "displayName": "SettingsIcon",
        "muiName": "SvgIcon",
        "type": Object {
          "$$typeof": Symbol(react.forward_ref),
          "render": [Function],
        },
      }
    }
    list={[Function]}
    name="Settings"
    show={[Function]}
  />
</Admin>
`;
